// Jest Snapshot v1, https://goo.gl/fbAQLP

exports[`Pacman Pacman renders correctly 1`] = `
<div
  className="pacman pacman--north"
/>
`;
